{
    "human - mpileup - stub": {
        "content": [
            {
                "fail_vcf": [
                    [
                        {
                            "id": "test",
                            "single_end": false
                        },
                        "test.fail.vcf.gz:md5,68b329da9893e34099c7d8ad5cb9c940"
                    ]
                ],
                "pass_vcf": [
                    [
                        {
                            "id": "test",
                            "single_end": false
                        },
                        "test.pass.vcf.gz:md5,68b329da9893e34099c7d8ad5cb9c940"
                    ]
                ],
                "versions_varscan": [
                    [
                        "VARSCAN_FPFILTER",
                        "varscan",
                        "2.4.6"
                    ]
                ]
            }
        ],
        "timestamp": "2026-07-31T16:37:49.963702314",
        "meta": {
            "nf-test": "0.9.5",
            "nextflow": "26.04.0"
        }
    },
    "human - mpileup": {
        "content": [
            "8e1b97375c4d8501f3873496b80a4dc9",
            "55341b65671b6af9cde4309b2f7033ce",
            {
                "versions_varscan": [
                    [
                        "VARSCAN_FPFILTER",
                        "varscan",
                        "2.4.6"
                    ]
                ]
            }
        ],
        "timestamp": "2026-07-31T15:45:20.096061274",
        "meta": {
            "nf-test": "0.9.5",
            "nextflow": "26.04.0"
        }
    }
}