{
    "test_proteus_readproteingroups": {
        "content": [
            {
                "dendro_plot": [
                    [
                        {
                            "id": "fakeBatch"
                        },
                        [
                            "normalizeQuantiles.normalized_dendrogram.pdf",
                            "normalizeQuantiles.normalized_dendrogram.png"
                        ]
                    ]
                ],
                "mean_var_plot": [
                    [
                        {
                            "id": "fakeBatch"
                        },
                        [
                            "normalizeQuantiles.normalized_mean_variance_relationship.pdf",
                            "normalizeQuantiles.normalized_mean_variance_relationship.png"
                        ]
                    ]
                ],
                "norm_dist_plot": [
                    [
                        {
                            "id": "fakeBatch"
                        },
                        [
                            "normalizeQuantiles.normalized_distributions.pdf",
                            "normalizeQuantiles.normalized_distributions.png"
                        ]
                    ]
                ],
                "norm_rdata": [
                    [
                        {
                            "id": "fakeBatch"
                        },
                        "normalizeQuantiles.normalized_proteingroups.rds"
                    ]
                ],
                "norm_tab": [
                    [
                        {
                            "id": "fakeBatch"
                        },
                        "normalizeQuantiles.normalized_proteingroups_tab.tsv:md5,4a0a74febfc6ba921210f465e890ff5b"
                    ]
                ],
                "raw_dist_plot": [
                    [
                        {
                            "id": "fakeBatch"
                        },
                        [
                            "raw_distributions.pdf",
                            "raw_distributions.png"
                        ]
                    ]
                ],
                "raw_rdata": [
                    [
                        {
                            "id": "fakeBatch"
                        },
                        "raw_proteingroups.rds"
                    ]
                ],
                "raw_tab": [
                    [
                        {
                            "id": "fakeBatch"
                        },
                        "raw_proteingroups_tab.tsv:md5,af7a556997b82f4ba38bfae8a6b91301"
                    ]
                ],
                "session_info": [
                    [
                        {
                            "id": "fakeBatch"
                        },
                        "R_sessionInfo.log"
                    ]
                ],
                "versions": [
                    "versions.yml:md5,e05128fdfdbcf466f3d9307c6493e167"
                ]
            }
        ],
        "timestamp": "2026-09-15T19:29:04.372127186",
        "meta": {
            "nf-test": "0.9.5",
            "nextflow": "26.04.0"
        }
    },
    "test_proteus_readproteingroups - stub": {
        "content": [
            {
                "dendro_plot": [
                    [
                        {
                            "id": "fakeBatch"
                        },
                        [
                            "fakeBatch_dendrogram.pdf",
                            "fakeBatch_dendrogram.png"
                        ]
                    ]
                ],
                "mean_var_plot": [
                    [
                        {
                            "id": "fakeBatch"
                        },
                        [
                            "fakeBatch_mean_variance_relationship.pdf",
                            "fakeBatch_mean_variance_relationship.png"
                        ]
                    ]
                ],
                "norm_dist_plot": [
                    [
                        {
                            "id": "fakeBatch"
                        },
                        [
                            "fakeBatch_normalized_distributions.pdf",
                            "fakeBatch_normalized_distributions.png"
                        ]
                    ]
                ],
                "norm_rdata": [
                    [
                        {
                            "id": "fakeBatch"
                        },
                        "fakeBatch_normalized_proteingroups.rds"
                    ]
                ],
                "norm_tab": [
                    [
                        {
                            "id": "fakeBatch"
                        },
                        "fakeBatch_normalized_proteingroups_tab.tsv:md5,d41d8cd98f00b204e9800998ecf8427e"
                    ]
                ],
                "raw_dist_plot": [
                    [
                        {
                            "id": "fakeBatch"
                        },
                        [
                            "fakeBatch_raw_distributions.pdf",
                            "fakeBatch_raw_distributions.png"
                        ]
                    ]
                ],
                "raw_rdata": [
                    [
                        {
                            "id": "fakeBatch"
                        },
                        "fakeBatch_raw_proteingroups.rds"
                    ]
                ],
                "raw_tab": [
                    [
                        {
                            "id": "fakeBatch"
                        },
                        "fakeBatch_raw_proteingroups_tab.tsv:md5,d41d8cd98f00b204e9800998ecf8427e"
                    ]
                ],
                "session_info": [
                    [
                        {
                            "id": "fakeBatch"
                        },
                        "fakeBatch_R_sessionInfo.log"
                    ]
                ],
                "versions": [
                    "versions.yml:md5,167e9342592cd7387483f2d22d15ab25"
                ]
            }
        ],
        "timestamp": "2026-09-15T19:29:13.482994349",
        "meta": {
            "nf-test": "0.9.5",
            "nextflow": "26.04.0"
        }
    }
}