{
    "sarscov2 - dict": {
        "content": [
            "dict_test.bed:md5,296a58ee6d26a13ceed194d3f5286c64",
            null
        ],
        "timestamp": "2026-05-13T14:37:07.210068521",
        "meta": {
            "nf-test": "0.9.5",
            "nextflow": "26.04.1"
        }
    },
    "sarscov2 - stub": {
        "content": [
            "dict_stub.bed:md5,d41d8cd98f00b204e9800998ecf8427e",
            null
        ],
        "timestamp": "2026-05-13T14:37:14.553295945",
        "meta": {
            "nf-test": "0.9.5",
            "nextflow": "26.04.1"
        }
    }
}