{
    "Mus musculus - expression table - contrasts + blocking factors": {
        "content": [
            {
                "0": [
                    [
                        {
                            "contrast_id": "treatment_mCherry_hND6",
                            "contrast_variable": "treatment",
                            "contrast_reference": "mCherry",
                            "contrast_target": "hND6",
                            "blocking_factors": "sample_number"
                        },
                        "treatment_mCherry_hND6.dream.results.tsv:md5,15129ab903059d9c3e3f54d7ae5ae3d3"
                    ]
                ],
                "1": [
                    "versions.yml:md5,a0c919600304e2aa1a474374f897cc8b"
                ],
                "results": [
                    [
                        {
                            "contrast_id": "treatment_mCherry_hND6",
                            "contrast_variable": "treatment",
                            "contrast_reference": "mCherry",
                            "contrast_target": "hND6",
                            "blocking_factors": "sample_number"
                        },
                        "treatment_mCherry_hND6.dream.results.tsv:md5,15129ab903059d9c3e3f54d7ae5ae3d3"
                    ]
                ],
                "versions": [
                    "versions.yml:md5,a0c919600304e2aa1a474374f897cc8b"
                ]
            }
        ],
        "meta": {
            "nf-test": "0.9.2",
            "nextflow": "24.10.4"
        },
        "timestamp": "2025-03-10T17:34:19.160419833"
    },
    "Mus musculus - expression table - contrasts + blocking factors stub": {
        "content": [
            {
                "0": [
                    [
                        {
                            "contrast_id": "treatment_mCherry_hND6",
                            "contrast_variable": "treatment",
                            "contrast_reference": "mCherry",
                            "contrast_target": "hND6",
                            "blocking_factors": "sample_number"
                        },
                        "treatment_mCherry_hND6.dream.results.tsv:md5,d41d8cd98f00b204e9800998ecf8427e"
                    ]
                ],
                "1": [
                    "versions.yml:md5,ad2f8b01aadf7f55eb6341db91322ab0"
                ],
                "results": [
                    [
                        {
                            "contrast_id": "treatment_mCherry_hND6",
                            "contrast_variable": "treatment",
                            "contrast_reference": "mCherry",
                            "contrast_target": "hND6",
                            "blocking_factors": "sample_number"
                        },
                        "treatment_mCherry_hND6.dream.results.tsv:md5,d41d8cd98f00b204e9800998ecf8427e"
                    ]
                ],
                "versions": [
                    "versions.yml:md5,ad2f8b01aadf7f55eb6341db91322ab0"
                ]
            }
        ],
        "meta": {
            "nf-test": "0.9.2",
            "nextflow": "24.10.4"
        },
        "timestamp": "2025-03-10T17:34:43.471218203"
    },
    "variancePartition data - contrasts + blocking factor": {
        "content": [
            {
                "0": [
                    [
                        {
                            "contrast_id": "Disease_0_1",
                            "contrast_variable": "Disease",
                            "contrast_reference": "0",
                            "contrast_target": "1",
                            "blocking_factors": "Individual"
                        },
                        "Disease_0_1.dream.results.tsv:md5,dc85e769e19083a34955b3241465b7ef"
                    ]
                ],
                "1": [
                    "versions.yml:md5,a0c919600304e2aa1a474374f897cc8b"
                ],
                "results": [
                    [
                        {
                            "contrast_id": "Disease_0_1",
                            "contrast_variable": "Disease",
                            "contrast_reference": "0",
                            "contrast_target": "1",
                            "blocking_factors": "Individual"
                        },
                        "Disease_0_1.dream.results.tsv:md5,dc85e769e19083a34955b3241465b7ef"
                    ]
                ],
                "versions": [
                    "versions.yml:md5,a0c919600304e2aa1a474374f897cc8b"
                ]
            }
        ],
        "meta": {
            "nf-test": "0.9.2",
            "nextflow": "24.10.4"
        },
        "timestamp": "2025-03-11T00:54:56.210166154"
    },
    "Mus musculus - expression table - contrasts": {
        "content": [
            {
                "0": [
                    [
                        {
                            "contrast_id": "treatment_mCherry_hND6",
                            "contrast_variable": "treatment",
                            "contrast_reference": "mCherry",
                            "contrast_target": "hND6",
                            "blocking_factors": null
                        },
                        "treatment_mCherry_hND6.dream.results.tsv:md5,6c172497a3ade420037e5abcb29cae2e"
                    ]
                ],
                "1": [
                    "versions.yml:md5,a0c919600304e2aa1a474374f897cc8b"
                ],
                "results": [
                    [
                        {
                            "contrast_id": "treatment_mCherry_hND6",
                            "contrast_variable": "treatment",
                            "contrast_reference": "mCherry",
                            "contrast_target": "hND6",
                            "blocking_factors": null
                        },
                        "treatment_mCherry_hND6.dream.results.tsv:md5,6c172497a3ade420037e5abcb29cae2e"
                    ]
                ],
                "versions": [
                    "versions.yml:md5,a0c919600304e2aa1a474374f897cc8b"
                ]
            }
        ],
        "meta": {
            "nf-test": "0.9.2",
            "nextflow": "24.10.4"
        },
        "timestamp": "2025-03-10T17:30:59.943799883"
    },
    "variancePartition - expression table - contrasts + blocking factor": {
        "content": [
            {
                "0": [
                    
                ],
                "1": [
                    
                ],
                "results": [
                    
                ],
                "versions": [
                    
                ]
            }
        ],
        "meta": {
            "nf-test": "0.9.2",
            "nextflow": "24.10.4"
        },
        "timestamp": "2025-03-10T18:21:43.468096947"
    }
}