{
    "Mus musculus - expression table - contrasts + blocking factors": {
        "content": [
            {
                "0": [
                    [
                        {
                            "contrast_id": "treatment_mCherry_hND6",
                            "contrast_variable": "treatment",
                            "contrast_reference": "mCherry",
                            "contrast_target": "hND6",
                            "blocking_factors": "sample_number"
                        },
                        "treatment_mCherry_hND6.dream.results.tsv:md5,15129ab903059d9c3e3f54d7ae5ae3d3"
                    ]
                ],
                "1": [
                    "versions.yml:md5,a0c919600304e2aa1a474374f897cc8b"
                ],
                "results": [
                    [
                        {
                            "contrast_id": "treatment_mCherry_hND6",
                            "contrast_variable": "treatment",
                            "contrast_reference": "mCherry",
                            "contrast_target": "hND6",
                            "blocking_factors": "sample_number"
                        },
                        "treatment_mCherry_hND6.dream.results.tsv:md5,15129ab903059d9c3e3f54d7ae5ae3d3"
                    ]
                ],
                "versions": [
                    "versions.yml:md5,a0c919600304e2aa1a474374f897cc8b"
                ]
            }
        ],
        "meta": {
            "nf-test": "0.9.2",
            "nextflow": "24.10.4"
        },
        "timestamp": "2025-03-10T17:34:19.160419833"
    },
    "Mus musculus - expression table - contrasts + blocking factors stub": {
        "content": [
            {
                "0": [
                    [
                        {
                            "contrast_id": "treatment_mCherry_hND6",
                            "contrast_variable": "treatment",
                            "contrast_reference": "mCherry",
                            "contrast_target": "hND6",
                            "blocking_factors": "sample_number"
                        },
                        "treatment_mCherry_hND6.dream.results.tsv:md5,d41d8cd98f00b204e9800998ecf8427e"
                    ]
                ],
                "1": [
                    "versions.yml:md5,ad2f8b01aadf7f55eb6341db91322ab0"
                ],
                "results": [
                    [
                        {
                            "contrast_id": "treatment_mCherry_hND6",
                            "contrast_variable": "treatment",
                            "contrast_reference": "mCherry",
                            "contrast_target": "hND6",
                            "blocking_factors": "sample_number"
                        },
                        "treatment_mCherry_hND6.dream.results.tsv:md5,d41d8cd98f00b204e9800998ecf8427e"
                    ]
                ],
                "versions": [
                    "versions.yml:md5,ad2f8b01aadf7f55eb6341db91322ab0"
                ]
            }
        ],
        "meta": {
            "nf-test": "0.9.2",
            "nextflow": "24.10.4"
        },
        "timestamp": "2025-03-10T17:34:43.471218203"
    },
    "Mus musculus - expression table - contrasts": {
        "content": [
            {
                "0": [
                    [
                        {
                            "contrast_id": "treatment_mCherry_hND6",
                            "contrast_variable": "treatment",
                            "contrast_reference": "mCherry",
                            "contrast_target": "hND6",
                            "blocking_factors": null
                        },
                        "treatment_mCherry_hND6.dream.results.tsv:md5,6c172497a3ade420037e5abcb29cae2e"
                    ]
                ],
                "1": [
                    "versions.yml:md5,a0c919600304e2aa1a474374f897cc8b"
                ],
                "results": [
                    [
                        {
                            "contrast_id": "treatment_mCherry_hND6",
                            "contrast_variable": "treatment",
                            "contrast_reference": "mCherry",
                            "contrast_target": "hND6",
                            "blocking_factors": null
                        },
                        "treatment_mCherry_hND6.dream.results.tsv:md5,6c172497a3ade420037e5abcb29cae2e"
                    ]
                ],
                "versions": [
                    "versions.yml:md5,a0c919600304e2aa1a474374f897cc8b"
                ]
            }
        ],
        "meta": {
            "nf-test": "0.9.2",
            "nextflow": "24.10.4"
        },
        "timestamp": "2025-03-10T17:30:59.943799883"
    }
}